[    0.000000] Initializing cgroup subsys cpuset
[    0.000000] Initializing cgroup subsys cpu
[    0.000000] Initializing cgroup subsys cpuacct
[    0.000000] Linux version 4.4.0-173-generic (buildd@lgw01-amd64-037) (gcc version 5.4.0 20160609 (Ubuntu 5.4.0-6ubuntu1~16.04.12) ) #203-Ubuntu SMP Wed Jan 15 02:55:01 UTC 2020 (Ubuntu 4.4.0-173.203-generic 4.4.208)
[    0.000000] Command line: BOOT_IMAGE=/boot/vmlinuz-4.4.0-173-generic root=LABEL=cloudimg-rootfs ro console=tty1 console=ttyS0
[    0.000000] KERNEL supported cpus:
[    0.000000]   Intel GenuineIntel
[    0.000000]   AMD AuthenticAMD
[    0.000000]   Centaur CentaurHauls
[    0.000000] x86/fpu: xstate_offset[2]:  576, xstate_sizes[2]:  256
[    0.000000] x86/fpu: Supporting XSAVE feature 0x01: 'x87 floating point registers'
[    0.000000] x86/fpu: Supporting XSAVE feature 0x02: 'SSE registers'
[    0.000000] x86/fpu: Supporting XSAVE feature 0x04: 'AVX registers'
[    0.000000] x86/fpu: Enabled xstate features 0x7, context size is 832 bytes, using 'standard' format.
[    0.000000] e820: BIOS-provided physical RAM map:
[    0.000000] BIOS-e820: [mem 0x0000000000000000-0x000000000009fbff] usable
[    0.000000] BIOS-e820: [mem 0x000000000009fc00-0x000000000009ffff] reserved
[    0.000000] BIOS-e820: [mem 0x00000000000f0000-0x00000000000fffff] reserved
[    0.000000] BIOS-e820: [mem 0x0000000000100000-0x000000003ffeffff] usable
[    0.000000] BIOS-e820: [mem 0x000000003fff0000-0x000000003fffffff] ACPI data
[    0.000000] BIOS-e820: [mem 0x00000000fec00000-0x00000000fec00fff] reserved
[    0.000000] BIOS-e820: [mem 0x00000000fee00000-0x00000000fee00fff] reserved
[    0.000000] BIOS-e820: [mem 0x00000000fffc0000-0x00000000ffffffff] reserved
[    0.000000] NX (Execute Disable) protection: active
[    0.000000] SMBIOS 2.5 present.
[    0.000000] Hypervisor detected: KVM
[    0.000000] e820: last_pfn = 0x3fff0 max_arch_pfn = 0x400000000
[    0.000000] MTRR: Disabled
[    0.000000] x86/PAT: MTRRs disabled, skipping PAT initialization too.
[    0.000000] CPU MTRRs all blank - virtualized system.
[    0.000000] x86/PAT: Configuration [0-7]: WB  WT  UC- UC  WB  WT  UC- UC  
[    0.000000] found SMP MP-table at [mem 0x0009fff0-0x0009ffff] mapped at [ffff88000009fff0]
[    0.000000] Scanning 1 areas for low memory corruption
[    0.000000] RAMDISK: [mem 0x362e4000-0x37169fff]
[    0.000000] ACPI: Early table checksum verification disabled
[    0.000000] ACPI: RSDP 0x00000000000E0000 000024 (v02 VBOX  )
[    0.000000] ACPI: XSDT 0x000000003FFF0030 00003C (v01 VBOX   VBOXXSDT 00000001 ASL  00000061)
[    0.000000] ACPI: FACP 0x000000003FFF00F0 0000F4 (v04 VBOX   VBOXFACP 00000001 ASL  00000061)
[    0.000000] ACPI: DSDT 0x000000003FFF0470 002325 (v02 VBOX   VBOXBIOS 00000002 INTL 20100528)
[    0.000000] ACPI: FACS 0x000000003FFF0200 000040
[    0.000000] ACPI: FACS 0x000000003FFF0200 000040
[    0.000000] ACPI: APIC 0x000000003FFF0240 00005C (v02 VBOX   VBOXAPIC 00000001 ASL  00000061)
[    0.000000] ACPI: SSDT 0x000000003FFF02A0 0001CC (v01 VBOX   VBOXCPUT 00000002 INTL 20100528)
[    0.000000] No NUMA configuration found
[    0.000000] Faking a node at [mem 0x0000000000000000-0x000000003ffeffff]
[    0.000000] NODE_DATA(0) allocated [mem 0x3ffeb000-0x3ffeffff]
[    0.000000] kvm-clock: Using msrs 4b564d01 and 4b564d00
[    0.000000] kvm-clock: cpu 0, msr 0:3ffe3001, primary cpu clock
[    0.000000] kvm-clock: using sched offset of 3766019903 cycles
[    0.000000] clocksource: kvm-clock: mask: 0xffffffffffffffff max_cycles: 0x1cd42e4dffb, max_idle_ns: 881590591483 ns
[    0.000000] Zone ranges:
[    0.000000]   DMA      [mem 0x0000000000001000-0x0000000000ffffff]
[    0.000000]   DMA32    [mem 0x0000000001000000-0x000000003ffeffff]
[    0.000000]   Normal   empty
[    0.000000]   Device   empty
[    0.000000] Movable zone start for each node
[    0.000000] Early memory node ranges
[    0.000000]   node   0: [mem 0x0000000000001000-0x000000000009efff]
[    0.000000]   node   0: [mem 0x0000000000100000-0x000000003ffeffff]
[    0.000000] Initmem setup node 0 [mem 0x0000000000001000-0x000000003ffeffff]
[    0.000000] ACPI: PM-Timer IO Port: 0x4008
[    0.000000] IOAPIC[0]: apic_id 2, version 32, address 0xfec00000, GSI 0-23
[    0.000000] ACPI: INT_SRC_OVR (bus 0 bus_irq 0 global_irq 2 dfl dfl)
[    0.000000] ACPI: INT_SRC_OVR (bus 0 bus_irq 9 global_irq 9 low level)
[    0.000000] Using ACPI (MADT) for SMP configuration information
[    0.000000] smpboot: Allowing 2 CPUs, 0 hotplug CPUs
[    0.000000] PM: Registered nosave memory: [mem 0x00000000-0x00000fff]
[    0.000000] PM: Registered nosave memory: [mem 0x0009f000-0x0009ffff]
[    0.000000] PM: Registered nosave memory: [mem 0x000a0000-0x000effff]
[    0.000000] PM: Registered nosave memory: [mem 0x000f0000-0x000fffff]
[    0.000000] e820: [mem 0x40000000-0xfebfffff] available for PCI devices
[    0.000000] Booting paravirtualized kernel on KVM
[    0.000000] clocksource: refined-jiffies: mask: 0xffffffff max_cycles: 0xffffffff, max_idle_ns: 7645519600211568 ns
[    0.000000] setup_percpu: NR_CPUS:512 nr_cpumask_bits:512 nr_cpu_ids:2 nr_node_ids:1
[    0.000000] PERCPU: Embedded 33 pages/cpu @ffff88003fc00000 s95448 r8192 d31528 u1048576
[    0.000000] Built 1 zonelists in Node order, mobility grouping on.  Total pages: 257912
[    0.000000] Policy zone: DMA32
[    0.000000] Kernel command line: BOOT_IMAGE=/boot/vmlinuz-4.4.0-173-generic root=LABEL=cloudimg-rootfs ro console=tty1 console=ttyS0
[    0.000000] PID hash table entries: 4096 (order: 3, 32768 bytes)
[    0.000000] Memory: 997680K/1048120K available (8626K kernel code, 1336K rwdata, 4032K rodata, 1488K init, 1292K bss, 50440K reserved, 0K cma-reserved)
[    0.000000] SLUB: HWalign=64, Order=0-3, MinObjects=0, CPUs=2, Nodes=1
[    0.000000] Kernel/User page tables isolation: enabled
[    0.000000] Hierarchical RCU implementation.
[    0.000000] 	Build-time adjustment of leaf fanout to 64.
[    0.000000] 	RCU restricting CPUs from NR_CPUS=512 to nr_cpu_ids=2.
[    0.000000] RCU: Adjusting geometry for rcu_fanout_leaf=64, nr_cpu_ids=2
[    0.000000] NR_IRQS:33024 nr_irqs:440 16
[    0.000000] Console: colour VGA+ 80x25
[    0.000000] console [tty1] enabled
[    0.000000] console [ttyS0] enabled
[    0.000000] tsc: Detected 1992.004 MHz processor
[    0.149450] Calibrating delay loop (skipped) preset value.. 3984.00 BogoMIPS (lpj=7968016)
[    0.151277] pid_max: default: 32768 minimum: 301
[    0.152256] ACPI: Core revision 20150930
[    0.154849] ACPI: 2 ACPI AML tables successfully acquired and loaded
[    0.156433] Security Framework initialized
[    0.157360] Yama: becoming mindful.
[    0.158179] AppArmor: AppArmor initialized
[    0.159161] Dentry cache hash table entries: 131072 (order: 8, 1048576 bytes)
[    0.161694] Inode-cache hash table entries: 65536 (order: 7, 524288 bytes)
[    0.163154] Mount-cache hash table entries: 2048 (order: 2, 16384 bytes)
[    0.164406] Mountpoint-cache hash table entries: 2048 (order: 2, 16384 bytes)
[    0.165891] Initializing cgroup subsys io
[    0.166801] Initializing cgroup subsys memory
[    0.167761] Initializing cgroup subsys devices
[    0.168851] Initializing cgroup subsys freezer
[    0.169793] Initializing cgroup subsys net_cls
[    0.170752] Initializing cgroup subsys perf_event
[    0.171781] Initializing cgroup subsys net_prio
[    0.172730] Initializing cgroup subsys hugetlb
[    0.173717] Initializing cgroup subsys pids
[    0.176432] mce: CPU supports 0 MCE banks
[    0.177429] Last level iTLB entries: 4KB 64, 2MB 8, 4MB 8
[    0.178534] Last level dTLB entries: 4KB 64, 2MB 0, 4MB 0, 1GB 4
[    0.179723] Spectre V1 : Mitigation: usercopy/swapgs barriers and __user pointer sanitization
[    0.181478] Spectre V2 : Mitigation: Full generic retpoline
[    0.182603] Spectre V2 : Spectre v2 / SpectreRSB mitigation: Filling RSB on context switch
[    0.184370] Speculative Store Bypass: Vulnerable
[    0.185455] MDS: Vulnerable: Clear CPU buffers attempted, no microcode
[    0.189463] Freeing SMP alternatives memory: 36K
[    0.196577] ftrace: allocating 32304 entries in 127 pages
[    0.256270] smpboot: APIC(0) Converting physical 0 to logical package 0
[    0.257739] smpboot: Max logical packages: 1
[    0.258926] x2apic enabled
[    0.259933] Switched APIC routing to physical x2apic.
[    0.262328] ..TIMER: vector=0x30 apic1=0 pin1=2 apic2=-1 pin2=-1
[    0.371639] smpboot: CPU0: Intel(R) Core(TM) i7-8550U CPU @ 1.80GHz (family: 0x6, model: 0x8e, stepping: 0xa)
[    0.374078] Performance Events: unsupported p6 CPU model 142 no PMU driver, software events only.
[    0.384632] KVM setup paravirtual spinlock
[    0.386083] x86: Booting SMP configuration:
[    0.387020] .... node  #0, CPUs:      #1
[    0.388151] kvm-clock: cpu 1, msr 0:3ffe3041, secondary cpu clock
[    0.390663] mce: CPU supports 0 MCE banks
[    0.393182] x86: Booted up 1 node, 2 CPUs
[    0.394278] smpboot: Total of 2 processors activated (7968.01 BogoMIPS)
[    0.396017] devtmpfs: initialized
[    0.398040] evm: security.selinux
[    0.398866] evm: security.SMACK64
[    0.399696] evm: security.SMACK64EXEC
[    0.400676] evm: security.SMACK64TRANSMUTE
[    0.401603] evm: security.SMACK64MMAP
[    0.402608] evm: security.ima
[    0.403390] evm: security.capability
[    0.404410] clocksource: jiffies: mask: 0xffffffff max_cycles: 0xffffffff, max_idle_ns: 7645041785100000 ns
[    0.406505] futex hash table entries: 512 (order: 3, 32768 bytes)
[    0.407825] pinctrl core: initialized pinctrl subsystem
[    0.409078] RTC time: 20:53:39, date: 02/24/20
[    0.410315] NET: Registered protocol family 16
[    0.421286] cpuidle: using governor ladder
[    0.435050] cpuidle: using governor menu
[    0.435963] PCCT header not found.
[    0.436819] ACPI: bus type PCI registered
[    0.437692] acpiphp: ACPI Hot Plug PCI Controller Driver version: 0.5
[    0.439033] PCI: Using configuration type 1 for base access
[    0.455367] ACPI: Added _OSI(Module Device)
[    0.456342] ACPI: Added _OSI(Processor Device)
[    0.457305] ACPI: Added _OSI(3.0 _SCP Extensions)
[    0.458300] ACPI: Added _OSI(Processor Aggregator Device)
[    0.459989] ACPI: Executed 1 blocks of module-level executable AML code
[    0.463635] ACPI: Interpreter enabled
[    0.464537] ACPI: (supports S0 S5)
[    0.465375] ACPI: Using IOAPIC for interrupt routing
[    0.466656] PCI: Using host bridge windows from ACPI; if necessary, use "pci=nocrs" and report a bug
[    0.471958] ACPI: PCI Root Bridge [PCI0] (domain 0000 [bus 00-ff])
[    0.473140] acpi PNP0A03:00: _OSC: OS supports [ASPM ClockPM Segments MSI]
[    0.474821] acpi PNP0A03:00: _OSC: not requesting OS control; OS requires [ExtendedConfig ASPM ClockPM MSI]
[    0.476865] acpi PNP0A03:00: fail to add MMCONFIG information, can't access extended PCI configuration space under this bridge.
[    0.479414] PCI host bridge to bus 0000:00
[    0.480411] pci_bus 0000:00: root bus resource [io  0x0000-0x0cf7 window]
[    0.481851] pci_bus 0000:00: root bus resource [io  0x0d00-0xffff window]
[    0.483232] pci_bus 0000:00: root bus resource [mem 0x000a0000-0x000bffff window]
[    0.484933] pci_bus 0000:00: root bus resource [mem 0x40000000-0xfdffffff window]
[    0.486679] pci_bus 0000:00: root bus resource [bus 00-ff]
[    0.489501] pci 0000:00:01.1: legacy IDE quirk: reg 0x10: [io  0x01f0-0x01f7]
[    0.490802] pci 0000:00:01.1: legacy IDE quirk: reg 0x14: [io  0x03f6]
[    0.492066] pci 0000:00:01.1: legacy IDE quirk: reg 0x18: [io  0x0170-0x0177]
[    0.493412] pci 0000:00:01.1: legacy IDE quirk: reg 0x1c: [io  0x0376]
[    0.515942] pci 0000:00:07.0: quirk: [io  0x4000-0x403f] claimed by PIIX4 ACPI
[    0.518074] pci 0000:00:07.0: quirk: [io  0x4100-0x410f] claimed by PIIX4 SMB
[    0.523213] ACPI: PCI Interrupt Link [LNKA] (IRQs 5 9 10 *11)
[    0.525487] ACPI: PCI Interrupt Link [LNKB] (IRQs 5 9 *10 11)
[    0.527648] ACPI: PCI Interrupt Link [LNKC] (IRQs 5 *9 10 11)
[    0.529626] ACPI: PCI Interrupt Link [LNKD] (IRQs 5 9 10 *11)
[    0.531696] ACPI: Enabled 2 GPEs in block 00 to 07
[    0.533132] vgaarb: setting as boot device: PCI:0000:00:02.0
[    0.534463] vgaarb: device added: PCI:0000:00:02.0,decodes=io+mem,owns=io+mem,locks=none
[    0.536133] vgaarb: loaded
[    0.536889] vgaarb: bridge control possible 0000:00:02.0
[    0.538125] SCSI subsystem initialized
[    0.539119] ACPI: bus type USB registered
[    0.539997] usbcore: registered new interface driver usbfs
[    0.541240] usbcore: registered new interface driver hub
[    0.542481] usbcore: registered new device driver usb
[    0.543727] PCI: Using ACPI for IRQ routing
[    0.545897] NetLabel: Initializing
[    0.546729] NetLabel:  domain hash size = 128
[    0.547777] NetLabel:  protocols = UNLABELED CIPSOv4
[    0.548898] NetLabel:  unlabeled traffic allowed by default
[    0.550301] amd_nb: Cannot enumerate AMD northbridges
[    0.551432] clocksource: Switched to clocksource kvm-clock
[    0.559032] AppArmor: AppArmor Filesystem Enabled
[    0.560122] pnp: PnP ACPI init
[    0.561751] pnp: PnP ACPI: found 3 devices
[    0.571561] clocksource: acpi_pm: mask: 0xffffff max_cycles: 0xffffff, max_idle_ns: 2085701024 ns
[    0.573479] NET: Registered protocol family 2
[    0.574509] TCP established hash table entries: 8192 (order: 4, 65536 bytes)
[    0.575865] TCP bind hash table entries: 8192 (order: 5, 131072 bytes)
[    0.577297] TCP: Hash tables configured (established 8192 bind 8192)
[    0.578501] UDP hash table entries: 512 (order: 2, 16384 bytes)
[    0.579765] UDP-Lite hash table entries: 512 (order: 2, 16384 bytes)
[    0.581025] NET: Registered protocol family 1
[    0.581998] pci 0000:00:00.0: Limiting direct PCI/PCI transfers
[    0.583235] pci 0000:00:01.0: Activating ISA DMA hang workarounds
[    0.584583] Unpacking initramfs...
[    0.767884] Freeing initrd memory: 14872K
[    0.768989] clocksource: tsc: mask: 0xffffffffffffffff max_cycles: 0x396d59a56c3, max_idle_ns: 881590573781 ns
[    0.771111] platform rtc_cmos: registered platform RTC device (no PNP device found)
[    0.772959] Scanning for low memory corruption every 60 seconds
[    0.774550] audit: initializing netlink subsys (disabled)
[    0.775630] audit: type=2000 audit(1582577624.346:1): initialized
[    0.777359] Initialise system trusted keyring
[    0.778620] HugeTLB registered 2 MB page size, pre-allocated 0 pages
[    0.780926] zbud: loaded
[    0.781948] VFS: Disk quotas dquot_6.6.0
[    0.782898] VFS: Dquot-cache hash table entries: 512 (order 0, 4096 bytes)
[    0.784615] squashfs: version 4.0 (2009/01/31) Phillip Lougher
[    0.786047] fuse init (API version 7.23)
[    0.787200] Key type big_key registered
[    0.788193] Allocating IMA MOK and blacklist keyrings.
[    0.791066] Key type asymmetric registered
[    0.792080] Asymmetric key parser 'x509' registered
[    0.793163] Block layer SCSI generic (bsg) driver version 0.4 loaded (major 249)
[    0.794855] io scheduler noop registered
[    0.795762] io scheduler deadline registered (default)
[    0.796925] io scheduler cfq registered
[    0.797879] pci_hotplug: PCI Hot Plug PCI Core version: 0.5
[    0.799134] pciehp: PCI Express Hot Plug Controller Driver version: 0.4
[    0.800717] ACPI: AC Adapter [AC] (on-line)
[    0.801693] input: Power Button as /devices/LNXSYSTM:00/LNXPWRBN:00/input/input0
[    0.803381] ACPI: Power Button [PWRF]
[    0.804486] input: Sleep Button as /devices/LNXSYSTM:00/LNXSLPBN:00/input/input1
[    0.806175] ACPI: Sleep Button [SLPF]
[    0.807277] GHES: HEST is not enabled!
[    0.808017] ACPI: Battery Slot [BAT0] (battery present)
[    0.809568] Serial: 8250/16550 driver, 32 ports, IRQ sharing enabled
[    0.831454] 00:02: ttyS0 at I/O 0x3f8 (irq = 4, base_baud = 115200) is a 16550A
[    0.837864] Linux agpgart interface v0.103
[    0.840443] loop: module loaded
[    0.841719] scsi host0: ata_piix
[    0.842710] scsi host1: ata_piix
[    0.843596] ata1: PATA max UDMA/33 cmd 0x1f0 ctl 0x3f6 bmdma 0xd000 irq 14
[    0.844939] ata2: PATA max UDMA/33 cmd 0x170 ctl 0x376 bmdma 0xd008 irq 15
[    0.846406] libphy: Fixed MDIO Bus: probed
[    0.847424] tun: Universal TUN/TAP device driver, 1.6
[    0.848610] tun: (C) 1999-2004 Max Krasnyansky <maxk@qualcomm.com>
[    0.850073] PPP generic driver version 2.4.2
[    0.851172] ehci_hcd: USB 2.0 'Enhanced' Host Controller (EHCI) Driver
[    0.852573] ehci-pci: EHCI PCI platform driver
[    0.853571] ehci-platform: EHCI generic platform driver
[    0.854624] ohci_hcd: USB 1.1 'Open' Host Controller (OHCI) Driver
[    0.855908] ohci-pci: OHCI PCI platform driver
[    0.856936] ohci-platform: OHCI generic platform driver
[    0.858031] uhci_hcd: USB Universal Host Controller Interface driver
[    0.859320] i8042: PNP: PS/2 Controller [PNP0303:PS2K,PNP0f03:PS2M] at 0x60,0x64 irq 1,12
[    0.861548] serio: i8042 KBD port at 0x60,0x64 irq 1
[    0.862765] serio: i8042 AUX port at 0x60,0x64 irq 12
[    0.864065] mousedev: PS/2 mouse device common for all mice
[    0.865676] input: AT Translated Set 2 keyboard as /devices/platform/i8042/serio0/input/input2
[    0.867873] rtc_cmos rtc_cmos: rtc core: registered rtc_cmos as rtc0
[    0.869175] rtc_cmos rtc_cmos: alarms up to one day, 114 bytes nvram
[    0.870556] i2c /dev entries driver
[    0.871492] device-mapper: uevent: version 1.0.3
[    0.872626] device-mapper: ioctl: 4.34.0-ioctl (2015-10-28) initialised: dm-devel@redhat.com
[    0.874484] ledtrig-cpu: registered to indicate activity on CPUs
[    0.876093] NET: Registered protocol family 10
[    0.877247] NET: Registered protocol family 17
[    0.878236] Key type dns_resolver registered
[    0.879882] registered taskstats version 1
[    0.880787] Loading compiled-in X.509 certificates
[    0.882192] Loaded X.509 cert 'Build time autogenerated kernel key: 4e6a82653c7e3a258f066f23f1954299de63b157'
[    0.884232] zswap: loaded using pool lzo/zbud
[    0.886784] Key type trusted registered
[    0.889998] Key type encrypted registered
[    0.890895] AppArmor: AppArmor sha1 policy hashing enabled
[    0.892218] ima: No TPM chip found, activating TPM-bypass!
[    0.893424] ima: Allocated hash algorithm: sha1
[    0.894423] evm: HMAC attrs: 0x1
[    0.895530]   Magic number: 8:241:903
[    0.896351] acpi PNP0501:03: hash matches
[    0.897337] rtc_cmos rtc_cmos: setting system clock to 2020-02-24 20:53:39 UTC (1582577619)
[    0.899224] BIOS EDD facility v0.16 2004-Jun-25, 0 devices found
[    0.900513] EDD information not available.
[    1.023999] Freeing unused kernel memory: 1488K
[    1.025036] Write protecting the kernel read-only data: 14336k
[    1.026740] Freeing unused kernel memory: 1604K
[    1.027888] Freeing unused kernel memory: 64K
Loading, please wait...
starting version 229
[    1.041029] random: systemd-udevd: uninitialized urandom read (16 bytes read, 3 bits of entropy available)
[    1.041266] random: udevadm: uninitialized urandom read (16 bytes read, 3 bits of entropy available)
[    1.041280] random: udevadm: uninitialized urandom read (16 bytes read, 3 bits of entropy available)
[    1.046929] random: systemd-udevd: uninitialized urandom read (16 bytes read, 3 bits of entropy available)
[    1.048120] random: udevadm: uninitialized urandom read (16 bytes read, 3 bits of entropy available)
[    1.048154] random: udevadm: uninitialized urandom read (16 bytes read, 3 bits of entropy available)
[    1.048269] random: udevadm: uninitialized urandom read (16 bytes read, 3 bits of entropy available)
[    1.048310] random: udevadm: uninitialized urandom read (16 bytes read, 3 bits of entropy available)
[    1.048364] random: udevadm: uninitialized urandom read (16 bytes read, 3 bits of entropy available)
[    1.048402] random: udevadm: uninitialized urandom read (16 bytes read, 3 bits of entropy available)
[    1.090565] e1000: Intel(R) PRO/1000 Network Driver - version 7.3.21-k8-NAPI
[    1.092091] e1000: Copyright (c) 1999-2006 Intel Corporation.
[    1.094495] Fusion MPT base driver 3.04.20
[    1.095504] Copyright (c) 1999-2008 LSI Corporation
[    1.110118] Fusion MPT SPI Host driver 3.04.20
[    1.113704] AVX2 version of gcm_enc/dec engaged.
[    1.114789] AES CTR mode by8 optimization enabled
[    1.307380] input: ImExPS/2 Generic Explorer Mouse as /devices/platform/i8042/serio1/input/input4
[    1.752242] e1000 0000:00:03.0 eth0: (PCI:33MHz:32-bit) 02:bb:f4:57:e9:87
[    1.753551] e1000 0000:00:03.0 eth0: Intel(R) PRO/1000 Network Connection
[    1.755531] mptbase: ioc0: Initiating bringup
[    1.756105] e1000 0000:00:03.0 enp0s3: renamed from eth0
[    2.133818] ioc0: LSI53C1030 A0: Capabilities={Initiator}
[    4.295000] scsi host2: ioc0: LSI53C1030 A0, FwRev=00000000h, Ports=1, MaxQ=256, IRQ=20
[    6.206394] scsi 2:0:0:0: Direct-Access     VBOX     HARDDISK         1.0  PQ: 0 ANSI: 5
[    6.208208] scsi target2:0:0: Beginning Domain Validation
[    6.212838] scsi target2:0:0: Domain Validation skipping write tests
[    6.214016] scsi target2:0:0: Ending Domain Validation
[    6.215205] scsi target2:0:0: asynchronous
[    6.217163] scsi 2:0:1:0: Direct-Access     VBOX     HARDDISK         1.0  PQ: 0 ANSI: 5
[    6.218954] scsi target2:0:1: Beginning Domain Validation
[    6.223223] scsi target2:0:1: Domain Validation skipping write tests
[    6.224494] scsi target2:0:1: Ending Domain Validation
[    6.236948] scsi target2:0:1: asynchronous
[    6.247787] sd 2:0:0:0: Attached scsi generic sg0 type 0
[    6.249161] sd 2:0:0:0: [sda] 20971520 512-byte logical blocks: (10.7 GB/10.0 GiB)
[    6.251412] sd 2:0:1:0: [sdb] 20480 512-byte logical blocks: (10.5 MB/10.0 MiB)
[    6.251591] sd 2:0:1:0: Attached scsi generic sg1 type 0
[    6.254849] sd 2:0:0:0: [sda] Write Protect is off
[    6.255929] sd 2:0:1:0: [sdb] Write Protect is off
[    6.257261] sd 2:0:0:0: [sda] Incomplete mode parameter data
[    6.258374] sd 2:0:0:0: [sda] Assuming drive cache: write through
[    6.259504] sd 2:0:1:0: [sdb] Incomplete mode parameter data
[    6.260720] sd 2:0:1:0: [sdb] Assuming drive cache: write through
[    6.269261]  sda: sda1
[    6.272037] sd 2:0:0:0: [sda] Attached SCSI disk
[    6.273912] sd 2:0:1:0: [sdb] Attached SCSI disk
Begin: Loading essential drivers ... [    7.676255] md: linear personality registered for level -1
[    7.679163] md: multipath personality registered for level -4
[    7.682080] md: raid0 personality registered for level 0
[    7.686194] md: raid1 personality registered for level 1
[    7.755664] raid6: sse2x1   gen() 13283 MB/s
[    7.823987] raid6: sse2x1   xor() 10076 MB/s
[    7.891797] raid6: sse2x2   gen() 16241 MB/s
[    7.959671] raid6: sse2x2   xor() 11390 MB/s
[    8.028088] raid6: sse2x4   gen() 18722 MB/s
[    8.095774] raid6: sse2x4   xor() 11773 MB/s
[    8.163600] raid6: avx2x1   gen() 24709 MB/s
[    8.231918] raid6: avx2x2   gen() 29369 MB/s
[    8.299742] raid6: avx2x4   gen() 30590 MB/s
[    8.300727] raid6: using algorithm avx2x4 gen() 30590 MB/s
[    8.301895] raid6: using avx2x2 recovery algorithm
[    8.304079] xor: automatically using best checksumming function:
[    8.343675]    avx       : 31460.000 MB/sec
[    8.345652] async_tx: api initialized (async)
[    8.355779] md: raid6 personality registered for level 6
[    8.356853] md: raid5 personality registered for level 5
[    8.357999] md: raid4 personality registered for level 4
[    8.364859] md: raid10 personality registered for level 10
done.
Begin: Running /scripts/init-premount ... done.
Begin: Mounting root file system ... Begin: Running /scripts/local-top ... done.
Begin: Running /scripts/local-premount ... [    8.391815] Btrfs loaded
Scanning for Btrfs filesystems
done.
Warning: fsck not present, so skipping root file system
[    8.438377] EXT4-fs (sda1): mounted filesystem with ordered data mode. Opts: (null)
done.
Begin: Running /scripts/local-bottom ... done.
Begin: Running /scripts/init-bottom ... done.
[    8.577795] systemd[1]: systemd 229 running in system mode. (+PAM +AUDIT +SELINUX +IMA +APPARMOR +SMACK +SYSVINIT +UTMP +LIBCRYPTSETUP +GCRYPT +GNUTLS +ACL +XZ -LZ4 +SECCOMP +BLKID +ELFUTILS +KMOD -IDN)
[    8.581230] systemd[1]: Detected virtualization oracle.
[    8.582256] systemd[1]: Detected architecture x86-64.

Welcome to [1mUbuntu 16.04.6 LTS[0m!

[    8.593276] systemd[1]: Set hostname to <ubuntu>.
[    8.599551] systemd[1]: Initializing machine ID from random generator.
[    8.600894] systemd[1]: Installed transient /etc/machine-id file.
[    8.826609] systemd[1]: Listening on Journal Audit Socket.
[[0;32m  OK  [0m] Listening on Journal Audit Socket.
[    8.828625] systemd[1]: Listening on LVM2 poll daemon socket.
[[0;32m  OK  [0m] Listening on LVM2 poll daemon socket.
[    8.830547] systemd[1]: Listening on LVM2 metadata daemon socket.
[[0;32m  OK  [0m] Listening on LVM2 metadata daemon socket.
[    8.832580] systemd[1]: Listening on udev Kernel Socket.
[[0;32m  OK  [0m] Listening on udev Kernel Socket.
[    8.834374] systemd[1]: Reached target Encrypted Volumes.
[[0;32m  OK  [0m] Reached target Encrypted Volumes.
[    8.836201] systemd[1]: Set up automount Arbitrary Executable File Formats File System Automount Point.
[[0;32m  OK  [0m] Set up automount Arbitrary Executab...ats File System Automount Point.
[    8.838989] systemd[1]: Listening on Device-mapper event daemon FIFOs.
[[0;32m  OK  [0m] Listening on Device-mapper event daemon FIFOs.
[    8.840992] systemd[1]: Reached target Swap.
[[0;32m  OK  [0m] Reached target Swap.
[    8.842774] systemd[1]: Listening on Journal Socket.
[[0;32m  OK  [0m] Listening on Journal Socket.
[    8.851910] systemd[1]: Listening on /dev/initctl Compatibility Named Pipe.
[[0;32m  OK  [0m] Listening on /dev/initctl Compatibility Named Pipe.
[    8.854143] systemd[1]: Reached target System Time Synchronized.
[[0;32m  OK  [0m] Reached target System Time Synchronized.
[    8.863711] systemd[1]: Started Trigger resolvconf update for networkd DNS.
[[0;32m  OK  [0m] Started Trigger resolvconf update for networkd DNS.
[    8.865920] systemd[1]: Started Forward Password Requests to Wall Directory Watch.
[[0;32m  OK  [0m] Started Forward Password Requests to Wall Directory Watch.
[    8.868810] systemd[1]: Reached target User and Group Name Lookups.
[[0;32m  OK  [0m] Reached target User and Group Name Lookups.
[    8.876009] systemd[1]: Created slice User and Session Slice.
[[0;32m  OK  [0m] Created slice User and Session Slice.
[    8.884291] systemd[1]: Listening on Syslog Socket.
[[0;32m  OK  [0m] Listening on Syslog Socket.
[    8.886204] systemd[1]: Listening on Journal Socket (/dev/log).
[[0;32m  OK  [0m] Listening on Journal Socket (/dev/log).
[    8.888419] systemd[1]: Created slice System Slice.
[[0;32m  OK  [0m] Created slice System Slice.
[    8.900266] systemd[1]: Starting Nameserver information manager...
         Starting Nameserver information manager...
[    8.908606] systemd[1]: Starting Remount Root and Kernel File Systems...
         Starting Remount Root and Kernel File Systems...
[    8.916337] systemd[1]: Mounting Huge Pages File System...
[    8.916889] EXT4-fs (sda1): re-mounted. Opts: (null)
         Mounting Huge Pages File System...
[    8.919796] systemd[1]: Starting Create list of required static device nodes for the current kernel...
         Starting Create list of required st... nodes for the current kernel...
[    8.933204] systemd[1]: Starting Load Kernel Modules...
         Starting Load Kernel Modules...
[    8.935549] systemd[1]: Starting Uncomplicated firewall...
         Starting Uncomplicated firewall...
[    8.938010] systemd[1]: Mounting POSIX Message Queue File System...
         Mounting POSIX Message Queue File System...
[    8.940679] systemd[1]: Starting Set console keymap...
         Starting Set console keymap...
[    8.943003] systemd[1]: Mounting Debug File System...
         Mounting Debug File System...
[    8.947415] Loading iSCSI transport class v2.0-870.
[    8.952150] systemd[1]: Starting Journal Service...
         Starting Journal Service...
[    8.954213] systemd[1]: Reached target Slices.
[[0;32m  OK  [0m] Reached target Slices.
[    8.956594] iscsi: registered transport (tcp)
[    8.958732] systemd[1]: Created slice system-serial\x2dgetty.slice.
[[0;32m  OK  [0m] Created slice system-serial\x2dgetty.slice.
[    8.967748] systemd[1]: Listening on udev Control Socket.
[[0;32m  OK  [0m] Listening on udev Control Socket.
[    8.970082] systemd[1]: Starting Monitoring of LVM2 mirrors, snapshots etc. using dmeventd or progress polling...
         Starting Monitoring of LVM2 mirrors... dmeventd or progress polling...
[    8.975709] systemd[1]: Mounted POSIX Message Queue File System.
[[0;32m  OK  [0m] Mounted POSIX Message Queue File System.
[    8.983840] systemd[1]: Mounted Huge Pages File System.
[[0;32m  OK  [0m] Mounted Huge Pages File System.
[    8.991630] systemd[1]: Mounted Debug File System.
[[0;32m  OK  [0m] Mounted Debug File System.
[    8.999685] systemd[1]: Started Journal Service.
[[0;32m  OK  [0m] Started Journal Service.
[    9.005205] iscsi: registered transport (iser)
[[0;32m  OK  [0m] Started Remount Root and Kernel File Systems.
[[0;32m  OK  [0m] Started Create list of required sta...ce nodes for the current kernel.
[[0;32m  OK  [0m] Started Load Kernel Modules.
[[0;32m  OK  [0m] Started Uncomplicated firewall.
[[0;32m  OK  [0m] Started Set console keymap.
[[0;32m  OK  [0m] Started Nameserver information manager.
[[0;32m  OK  [0m] Started LVM2 metadata daemon.
         Starting Apply Kernel Variables...
         Mounting FUSE Control File System...
         Starting Create Static Device Nodes in /dev...
         Starting Load/Save Random Seed...
         Starting udev Coldplug all Devices...
         Starting Flush Journal to Persistent Storage...
[[0;32m  OK  [0m] Mounted FUSE Control File System.
[[0;32m  OK  [0m] Started Apply Kernel Variables.
[[0;32m  OK  [0m] Started Load/Save Random Seed.
[[0;32m  OK  [0m] Started Flush Journal to Persistent Storage.
[[0;32m  OK  [0m] Started Create Static Device Nodes in /dev.
         Starting udev Kernel Device Manager...
[[0;32m  OK  [0m] Started udev Coldplug all Devices.
[[0;32m  OK  [0m] Started udev Kernel Device Manager.
[[0;32m  OK  [0m] Started Dispatch Password Requests to Console Directory Watch.
[[0;32m  OK  [0m] Found device /dev/ttyS0.
[[0;32m  OK  [0m] Listening on Load/Save RF Kill Switch Status /dev/rfkill Watch.
[[0;32m  OK  [0m] Started Monitoring of LVM2 mirrors,...ng dmeventd or progress polling.
[[0;32m  OK  [0m] Reached target Local File Systems (Pre).
[[0;32m  OK  [0m] Reached target Local File Systems.
         Starting Tell Plymouth To Write Out Runtime Data...
         Starting Initial cloud-init job (pre-networking)...
         Starting Create Volatile Files and Directories...
         Starting Commit a transient machine-id on disk...
         Starting LSB: AppArmor initialization...
         Starting Set console font and keymap...
[[0;32m  OK  [0m] Started Tell Plymouth To Write Out Runtime Data.
[[0;32m  OK  [0m] Started Create Volatile Files and Directories.
         Starting Update UTMP about System Boot/Shutdown...
[[0;32m  OK  [0m] Started Update UTMP about System Boot/Shutdown.
[[0;32m  OK  [0m] Started Commit a transient machine-id on disk.
[[0;32m  OK  [0m] Started Set console font and keymap.
[[0;32m  OK  [0m] Created slice system-getty.slice.
[   10.945272] cloud-init[601]: Cloud-init v. 19.4-33-gbb4131a2-0ubuntu1~16.04.1 running 'init-local' at Mon, 24 Feb 2020 20:53:49 +0000. Up 10.56 seconds.
[[0;32m  OK  [0m] Started Initial cloud-init job (pre-networking).
[[0;32m  OK  [0m] Reached target Network (Pre).
[[0;32m  OK  [0m] Started LSB: AppArmor initialization.
         Starting Raise network interfaces...
[[0;32m  OK  [0m] Started Raise network interfaces.
[[0;32m  OK  [0m] Reached target Network.
         Starting Initial cloud-init job (metadata service crawler)...
[   12.743312] cloud-init[938]: Cloud-init v. 19.4-33-gbb4131a2-0ubuntu1~16.04.1 running 'init' at Mon, 24 Feb 2020 20:53:50 +0000. Up 12.10 seconds.
[   12.744673] cloud-init[938]: ci-info: ++++++++++++++++++++++++++++++++++++++Net device info++++++++++++++++++++++++++++++++++++++
[   12.745840] cloud-init[938]: ci-info: +--------+------+----------------------------+---------------+--------+-------------------+
[   12.747041] cloud-init[938]: ci-info: | Device |  Up  |          Address           |      Mask     | Scope  |     Hw-Address    |
[   12.757024] cloud-init[938]: ci-info: +--------+------+----------------------------+---------------+--------+-------------------+
[   12.758298] cloud-init[938]: ci-info: | enp0s3 | True |         10.0.2.15          | 255.255.255.0 | global | 02:bb:f4:57:e9:87 |
[   12.759444] cloud-init[938]: ci-info: | enp0s3 | True | fe80::bb:f4ff:fe57:e987/64 |       .       |  link  | 02:bb:f4:57:e9:87 |
[   12.760563] cloud-init[938]: ci-info: |   lo   | True |         127.0.0.1          |   255.0.0.0   |  host  |         .         |
[   12.768745] cloud-init[938]: ci-info: |   lo   | True |          ::1/128           |       .       |  host  |         .         |
[   12.770191] cloud-init[938]: ci-info: +--------+------+----------------------------+---------------+--------+-------------------+
[   12.771613] cloud-init[938]: ci-info: +++++++++++++++++++++++++++Route IPv4 info++++++++++++++++++++++++++++
[   12.781453] cloud-init[938]: ci-info: +-------+-------------+----------+---------------+-----------+-------+
[   12.782542] cloud-init[938]: ci-info: | Route | Destination | Gateway  |    Genmask    | Interface | Flags |
[   12.783658] cloud-init[938]: ci-info: +-------+-------------+----------+---------------+-----------+-------+
[   12.785086] cloud-init[938]: ci-info: |   0   |   0.0.0.0   | 10.0.2.2 |    0.0.0.0    |   enp0s3  |   UG  |
[   12.792296] cloud-init[938]: ci-info: |   1   |   10.0.2.0  | 0.0.0.0  | 255.255.255.0 |   enp0s3  |   U   |
[[0;32m  OK  [0m] Started Initial cloud-init job (metadata service crawler).
[[0;32m  OK  [0m] Reached target Network is Online.
[   12.810766] cloud-init[938]: ci-info: +-------+-------------+----------+---------------+-----------+-------+
[   12.825171] cloud-init[938]: ci-info: +++++++++++++++++++Route IPv6 info+++++++++++++++++++
[   12.826460] cloud-init[938]: ci-info: +-------+-------------+---------+-----------+-------+
         Starting iSCSI initiator daemon (iscsid)...
[[0;32m  OK  [0m] Reached target System Initialization.
[[0;32m  OK  [0m] Started Daily Cleanup of Temporary Directories.
[   12.838474] cloud-init[938]: ci-info: | Route | Destination | Gateway | Interface | Flags |
[   12.841588] cloud-init[938]: ci-info: +-------+-------------+---------+-----------+-------+
[   12.848603] cloud-init[938]: ci-info: |   0   |  fe80::/64  |    ::   |   enp0s3  |   U   |
[   12.849512] cloud-init[938]: ci-info: |   3   |   ff00::/8  |    ::   |   enp0s3  |   U   |
[   12.850419] cloud-init[938]: ci-info: +-------+-------------+---------+-----------+-------+
[[0;32m  OK  [0m] Started ACPI Events Check.
[[0;32m  OK  [0m] Reached target Paths.
[[0;32m  OK  [0m] Started Daily apt download activities.
         Starting Socket activation for snappy daemon.
[[0;32m  OK  [0m] Listening on D-Bus System Message Bus Socket.
[[0;32m  OK  [0m] Listening on ACPID Listen Socket.
[   12.854145] cloud-init[938]: Generating public/private rsa key pair.
[   12.872959] cloud-init[938]: Your identification has been saved in /etc/ssh/ssh_host_rsa_key.
[   12.874000] cloud-init[938]: Your public key has been saved in /etc/ssh/ssh_host_rsa_key.pub.
[   12.880667] cloud-init[938]: The key fingerprint is:
[[0;32m  OK  [0m] Started Daily apt upgrade and clean activities.
[   12.891834] cloud-init[938]: SHA256:LY8UuzEM4aQoyBQgGepPXEBr1t+KF38/Gapkpzgwcd0 root@ubuntu-xenial
         Starting LXD - unix socket.
[[0;32m  OK  [0m] Listening on UUID daemon activation socket.
[[0;32m  OK  [0m] Started Message of the Day.
[   12.902584] cloud-init[938]: The key's randomart image is:
[   12.924938] cloud-init[938]: +---[RSA 2048]----+
[   12.925777] cloud-init[938]: |==oo  o          |
[   12.932722] cloud-init[938]: |B  .++ .         |
[   12.940516] cloud-init[938]: |+..+.oo o .      |
[[0;32m  OK  [0m] Reached target Timers.
[[0;32m  OK  [0m] Reached target Cloud-config availability.
[   12.944133] cloud-init[938]: |..+ ...+.= E     |
[   12.953352] cloud-init[938]: | . o  ooS..      |
[   12.960642] cloud-init[938]: |  o  o..+B   .   |
[   12.968308] cloud-init[938]: |   . .ooo+.o. o  |
[   12.976953] cloud-init[938]: |      ..+ +..o   |
[   12.977508] cloud-init[938]: |       ..o.  ..  |
[   12.980618] cloud-init[938]: +----[SHA256]-----+
[   12.980662] cloud-init[938]: Generating public/private dsa key pair.
[   12.980695] cloud-init[938]: Your identification has been saved in /etc/ssh/ssh_host_dsa_key.
[   12.981169] cloud-init[938]: Your public key has been saved in /etc/ssh/ssh_host_dsa_key.pub.
[   12.981425] cloud-init[938]: The key fingerprint is:
[   12.981549] cloud-init[938]: SHA256:EpE8gxKUytsf45ZVrpyVYBldhqC8NbhI30mKdcqjSdw root@ubuntu-xenial
[   12.981806] cloud-init[938]: The key's randomart image is:
[   12.981979] cloud-init[938]: +---[DSA 1024]----+
[   12.982148] cloud-init[938]: | .oo o.oo oo     |
[   12.982297] cloud-init[938]: |  o o Bo o.      |
[   12.982358] cloud-init[938]: |.. o =.Bo        |
[   12.982421] cloud-init[938]: |..o B X=o.       |
[   12.982478] cloud-init[938]: |  o= EooS .      |
[   12.982538] cloud-init[938]: | ...oo.o +       |
[   12.982856] cloud-init[938]: |   oo * +        |
[   12.983281] cloud-init[938]: |     = +         |
[   12.983634] cloud-init[938]: |    .            |
[[0;32m  OK  [0m] Listening on Socket activation for snappy daemon.
[[0;32m  OK  [0m] Listening on LXD - unix socket.
[[0;32m  OK  [0m] Started iSCSI initiator daemon (iscsid).
         Starting Login to default iSCSI targets...
[[0;32m  OK  [0m] Reached target Sockets.
[[0;32m  OK  [0m] Reached target Basic System.
[   12.983963] cloud-init[938]: +----[SHA256]-----+
[   12.991451] cloud-init[938]: Generating public/private ecdsa key pair.
[   12.992372] cloud-init[938]: Your identification has been saved in /etc/ssh/ssh_host_ecdsa_key.
[   12.994702] [cloud-init[0;32m  OK  [0m[938]: ] Your public key has been saved in /etc/ssh/ssh_host_ecdsa_key.pub.Started Regular background program processing daemon.

[   12.995806] cloud-init[938]: The key fingerprint is:
[   12.997010] cloud-init[938]: SHA256:tgyGA17KgYEzzgqlNwnZoheZ0bvioDrZCYT8b9cxUfM root@ubuntu-xenial
[   12.998478] [cloud-init[0;32m  OK  [0m[938]: ] The key's randomart image is:Started ACPI event daemon.

[   12.999555] cloud-init[938]: +---[ECDSA 256]---+
[   13.000313] [[0;32m  OK  [0m] Started D-Bus System Message Bus.
cloud-init[938]: |oo.=             |
[   13.002147] cloud-init[938]: |Bo* .      o     |
[   13.003199] cloud-init[938]: |BBoo..    . o    |
[   13.008267] cloud-init[938]: |=B==..   .   E   |
[   13.008946] cloud-init[938]: |+o=.o.o S .      |
[   13.009646] cloud-init[938]: |+ ...o + +       |
[   13.010225] cloud-init[938]: |.* o.   + o      |
[   13.020193] cloud-init[938]: |+ +  o . .       |
[   13.021130] cloud-init[938]: |o.  . .          |
[   13.022087] cloud-init[938]: +----[SHA256]-----+
[   13.022951] cloud-init[938]: Generating public/private ed25519 key pair.
[   13.024012] cloud-init[938]: Your identification has been saved in /etc/ssh/ssh_host_ed25519_key.
[   13.032289] cloud-init[938]: Your public key has been saved in /etc/ssh/ssh_host_ed25519_key.pub.
[   13.033329] cloud-init[938]: The key fingerprint is:
[   13.034071] cloud-init[938]: SHA256:i7WAZGCGWaT7lK7pZEFThvfG7bOMVGLHIVyODkkjFl8 root@ubuntu-xenial
[   13.040186] [cloud-init[0;32m  OK  [0m[938]: ] The key's randomart image is:Started Deferred execution scheduler.

[   13.040990] cloud-init[938]: +--[ED25519 256]--+
[   13.048635]          Starting Pollinate to seed the pseudo random number generator...
cloud-init[938]: [[0;32m  OK  [0m] Started FUSE filesystem for LXC.
| OO=.E..         |
         Starting LSB: Record successful boot for GRUB...
         Starting System Logging Service...
         Starting Virtualbox guest utils...
[   13.052680]          Starting Snappy daemon...
cloud-init[938]: |+=*o+oo.         |         Starting LXD - container startup/shutdown...

[   13.064621]          cloud-initStarting Accounts Service...[938]: 
|.o.+=.+..        |
[   13.067044]          Starting LSB: MD monitoring daemon...
cloud-init[938]: |...+oB =         |
         Starting Login Service...
         Starting /etc/rc.local Compatibility...
[[0;32m  OK  [0m] Started /etc/rc.local Compatibility.
[   13.075148] cloud-init[938]: |..o +.* S        |
[   13.089026] cloud-init[938]: | +.  . * o       |
[[0;32m  OK  [0m] Started Login Service.
[[0;32m  OK  [0m] Started System Logging Service.
[   13.098236] cloud-init[938]: | oo . + =        |
[[0;32m  OK  [0m] Started Unattended Upgrades Shutdown.
[[0;32m  OK  [0m] Started Login to default iSCSI targets.
[[0;32m  OK  [0m] Reached target Remote File Systems (Pre).
[[0;32m  OK  [0m] Reached target Remote File Systems.
[   13.121259] cloud-init[938]: |oo   . o         |
         Starting LSB: daemon to balance interrupts for SMP systems...
         Starting Permit User Sessions...
         Starting LSB: automatic crash report generation...
         Starting LSB: Set the CPU Frequency Scaling governor to "ondemand"...
[[0;32m  OK  [0m] Started LSB: Record successful boot for GRUB.
[[0;32m  OK  [0m] Started LSB: MD monitoring daemon.
[[0;32m  OK  [0m] Started Permit User Sessions.
[   13.168016] cloud-init[938]: |+.               |
         Starting Authenticate and Authorize Users to Run Privileged Tasks...
         Starting Terminate Plymouth Boot Screen...
         Starting Hold until boot process finishes up...
[   13.188345] cloud-init[938]: +----[SHA256]-----+
[[0;32m  OK  [0m] Started Terminate Plymouth Boot Screen.
[[0;32m  OK  [0m] Started Hold until boot process finishes up.
[[0;32m  OK  [0m] Started Authenticate and Authorize Users to Run Privileged Tasks.
[[0;32m  OK  [0m] Started Accounts Service.
[[0;32m  OK  [0m] Started LSB: Set the CPU Frequency Scaling governor to "ondemand".
         Starting Set console scheme...
[[0;32m  OK  [0m] Started Getty on tty1.
[[0;32m  OK  [0m] Started Serial Getty on ttyS0.
[[0;32m  OK  [0m] Reached target Login Prompts.
[[0;32m  OK  [0m] Started Virtualbox guest utils.
[[0;32m  OK  [0m] Started LSB: daemon to balance interrupts for SMP systems.
[[0;32m  OK  [0m] Started LSB: automatic crash report generation.
[[0;32m  OK  [0m] Started Set console scheme.
[[0;32m  OK  [0m] Started LXD - container startup/shutdown.
[[0;32m  OK  [0m] Started Snappy daemon.
         Starting Wait until snapd is fully seeded...
[[0;32m  OK  [0m] Started Pollinate to seed the pseudo random number generator.
         Starting OpenBSD Secure Shell server...
[[0;32m  OK  [0m] Started OpenBSD Secure Shell server.
[[0;32m  OK  [0m] Created slice User Slice of vagrant.
         Starting User Manager for UID 1000...
[[0;32m  OK  [0m] Started Session 1 of user vagrant.
[[0;32m  OK  [0m] Started User Manager for UID 1000.
[[0;32m  OK  [0m] Started Wait until snapd is fully seeded.
         Starting Apply the settings specified in cloud-config...
[[0;32m  OK  [0m] Reached target Multi-User System.
[[0;32m  OK  [0m] Reached target Graphical Interface.
         Starting Update UTMP about System Runlevel Changes...
[[0;32m  OK  [0m] Started Update UTMP about System Runlevel Changes.
[   16.445616] cloud-init[1460]: Generating locales (this might take a while)...
[   17.424387] cloud-init[1460]:   en_US.UTF-8... done
[   17.432577] cloud-init[1460]: Generation complete.
         Stopping User Manager for UID 1000...
[[0;32m  OK  [0m] Stopped User Manager for UID 1000.
[[0;32m  OK  [0m] Removed slice User Slice of vagrant.
[[0;32m  OK  [0m] Created slice User Slice of vagrant.
         Starting User Manager for UID 1000...
[[0;32m  OK  [0m] Started Session 2 of user vagrant.
[[0;32m  OK  [0m] Started User Manager for UID 1000.
[   17.793652] cloud-init[1460]: Cloud-init v. 19.4-33-gbb4131a2-0ubuntu1~16.04.1 running 'modules:config' at Mon, 24 Feb 2020 20:53:55 +0000. Up 16.32 seconds.
[[0;32m  OK  [0m] Started Apply the settings specified in cloud-config.
         Starting Execute cloud user/final scripts...
ci-info: no authorized SSH keys fingerprints found for user ubuntu.
<14>Feb 24 20:53:57 ec2: 
<14>Feb 24 20:53:57 ec2: #############################################################
<14>Feb 24 20:53:57 ec2: -----BEGIN SSH HOST KEY FINGERPRINTS-----
<14>Feb 24 20:53:57 ec2: 1024 SHA256:EpE8gxKUytsf45ZVrpyVYBldhqC8NbhI30mKdcqjSdw root@ubuntu-xenial (DSA)
<14>Feb 24 20:53:57 ec2: 256 SHA256:tgyGA17KgYEzzgqlNwnZoheZ0bvioDrZCYT8b9cxUfM root@ubuntu-xenial (ECDSA)
<14>Feb 24 20:53:57 ec2: 256 SHA256:i7WAZGCGWaT7lK7pZEFThvfG7bOMVGLHIVyODkkjFl8 root@ubuntu-xenial (ED25519)
<14>Feb 24 20:53:57 ec2: 2048 SHA256:LY8UuzEM4aQoyBQgGepPXEBr1t+KF38/Gapkpzgwcd0 root@ubuntu-xenial (RSA)
<14>Feb 24 20:53:57 ec2: -----END SSH HOST KEY FINGERPRINTS-----
<14>Feb 24 20:53:57 ec2: #############################################################
-----BEGIN SSH HOST KEY KEYS-----
ecdsa-sha2-nistp256 AAAAE2VjZHNhLXNoYTItbmlzdHAyNTYAAAAIbmlzdHAyNTYAAABBBJqTmcXzF/kU+VMsVjGdkN1wmGMz+9Zz3nsVVyZua6CzypJ3KPayVFZ2Krk9fUJKR//7f+04IRRJCMFEkmGDRtk= root@ubuntu-xenial
ssh-ed25519 AAAAC3NzaC1lZDI1NTE5AAAAIHABGWLPgxdjhxiAhYUGLQ5FiBIiTIRHt2UTv2xVHKOF root@ubuntu-xenial
ssh-rsa AAAAB3NzaC1yc2EAAAADAQABAAABAQDFbY1xWHmMsR1VQGG2TlGwwjIyGLt8Bz6Zn5ARloXKc59HwoRJxHcbFYiYj7czrn29AOWoCptLwUQcJIyjTMF0IVVhW5VcVRHxQZ4tN9dIKkQCwsAiyVbF+6mmPlOdrOZou7INgmka9qLLG8gcR1SG/MDoYLRa7kfP0oAEBq4ibai4ITM5iZraxrhtpg+BWDKvNE4LyRQVVFoQc2TXxBvs8gYszN7KkFy+9acecV4GwALzAp1o1DXhpvqIH/hY30uqZ7Z4roI6QVSpzDAG4fyzzlVmwkWn43VtFs2pC5OD407JpK2/N08bYJ35KrUy0dNDuA51D23ztsFUIbQB12Ap root@ubuntu-xenial
-----END SSH HOST KEY KEYS-----
[   18.398870] cloud-init[1604]: Cloud-init v. 19.4-33-gbb4131a2-0ubuntu1~16.04.1 running 'modules:final' at Mon, 24 Feb 2020 20:53:57 +0000. Up 18.22 seconds.
[   18.399023] cloud-init[1604]: ci-info: no authorized SSH keys fingerprints found for user ubuntu.
[   18.399378] cloud-init[1604]: Cloud-init v. 19.4-33-gbb4131a2-0ubuntu1~16.04.1 finished at Mon, 24 Feb 2020 20:53:57 +0000. Datasource DataSourceNoCloud [seed=/dev/sdb][dsmode=net].  Up 18.38 seconds

Ubuntu 16.04.6 LTS ubuntu-xenial ttyS0

ubuntu-xenial login: 